2026-07-09 02:35:18.571 | DEBUG    | ttnn:<module>:79 - Initial ttnn.CONFIG:
Config{cache_path=/home/boop/.cache/ttnn,model_cache_path=/home/boop/.cache/ttnn/models,tmp_dir=/tmp/ttnn,enable_model_cache=false,enable_fast_runtime_mode=true,throw_exception_on_fallback=false,enable_logging=false,enable_graph_report=false,enable_graph_python_stack_traces=false,enable_detailed_buffer_report=false,enable_detailed_tensor_report=false,enable_comparison_mode=false,comparison_mode_should_raise_exception=false,comparison_mode_pcc=0.9999,root_report_path=generated/ttnn/reports,report_name=std::nullopt,std::nullopt}
[TTNN interop] Detected DRAM memory space
SAVED INITIAL TO /home/boop/tenstorrent/blackhole-py/ttlang-dumps/ttlang_mlp_silu_mul_artifacts/initial.mlir
SAVED FINAL TO /home/boop/tenstorrent/blackhole-py/ttlang-dumps/ttlang_mlp_silu_mul_artifacts/final.mlir
============================================================
TTNN INTEROP: Compiling kernel
============================================================
Found 3 kernels:
  - compute (compute)
  - dm_read (noc)
  - dm_write (noc)

Core range: {[0-0 - 0-0]}
=== compute kernel written to /tmp/boop/ttlang_kernel_compute_8f26a9db.cpp ===
#include <cstdint>
#include "api/compile_time_args.h"
#include "api/compute/common.h"
#include "api/compute/compute_kernel_api.h"
#include "api/compute/eltwise_binary_sfpu.h"
#include "api/compute/eltwise_unary/eltwise_unary.h"
#include "api/compute/pack.h"
#include "api/compute/reg_api.h"
#include "api/compute/tile_move_copy.h"
#include "api/dataflow/circular_buffer.h"
#include "tools/profiler/kernel_profiler.hpp"
inline uint32_t float_to_bits(const float f) { uint32_t r; __builtin_memcpy(&r, &f, sizeof(r)); return r; }
#ifndef INFINITY
#define INFINITY __builtin_inff()
#endif
void kernel_main() {
  size_t v1 = 7;
  size_t v2 = 6;
  size_t v3 = 5;
  size_t v4 = 4;
  size_t v5 = 3;
  size_t v6 = 2;
  int32_t v7 = 4;
  size_t v8 = 1;
  size_t v9 = 0;
  CircularBuffer cb_ctarg_0(get_compile_time_arg_val(0));
  CircularBuffer cb_ctarg_2(get_compile_time_arg_val(2));
  CircularBuffer cb_ctarg_1(get_compile_time_arg_val(1));
  cb_ctarg_0.wait_front(v7);
  cb_ctarg_1.wait_front(v7);
  cb_ctarg_2.reserve_back(v7);
  init_sfpu(get_compile_time_arg_val(0), get_compile_time_arg_val(2));
  tile_regs_acquire();
  copy_tile_init(get_compile_time_arg_val(0));
  copy_tile(get_compile_time_arg_val(0), v9, v9);
  copy_tile(get_compile_time_arg_val(0), v8, v6);
  copy_tile(get_compile_time_arg_val(0), v6, v4);
  copy_tile(get_compile_time_arg_val(0), v5, v2);
  copy_tile_init(get_compile_time_arg_val(1));
  copy_tile(get_compile_time_arg_val(1), v9, v8);
  copy_tile(get_compile_time_arg_val(1), v8, v5);
  copy_tile(get_compile_time_arg_val(1), v6, v3);
  copy_tile(get_compile_time_arg_val(1), v5, v1);
  silu_tile_init();
  silu_tile(v9);
  silu_tile(v6);
  silu_tile(v4);
  silu_tile(v2);
  mul_binary_tile_init();
  mul_binary_tile(v9, v8, v9);
  mul_binary_tile(v6, v5, v6);
  mul_binary_tile(v4, v3, v4);
  mul_binary_tile(v2, v1, v2);
  tile_regs_commit();
  tile_regs_wait();
  pack_tile<true>(v9, get_compile_time_arg_val(2), v9);
  pack_tile<true>(v6, get_compile_time_arg_val(2), v8);
  pack_tile<true>(v4, get_compile_time_arg_val(2), v6);
  pack_tile<true>(v2, get_compile_time_arg_val(2), v5);
  tile_regs_release();
  cb_ctarg_2.push_back(v7);
  cb_ctarg_1.pop_front(v7);
  cb_ctarg_0.pop_front(v7);
  return;
}


============================================================
=== compute kernel source copied to /home/boop/tenstorrent/blackhole-py/ttlang-dumps/ttlang_mlp_silu_mul_artifacts/trisc.cpp ===
=== dm_read kernel written to /tmp/boop/ttlang_kernel_dm_read_9f4e496c.cpp ===
#include <cstdint>
#include "api/compile_time_args.h"
#include "api/core_local_mem.h"
#include "api/dataflow/circular_buffer.h"
#include "api/dataflow/dataflow_api.h"
#include "api/dataflow/endpoints.h"
#include "api/dataflow/noc.h"
#include "api/tensor/noc_traits.h"
#include "tools/profiler/kernel_profiler.hpp"
void kernel_main() {
  Noc noc0(0);
  int32_t v1 = 1;
  size_t v2 = 4;
  size_t v3 = 1;
  int8_t v4 = 0;
  size_t v5 = 2048;
  int32_t v6 = 0;
  int32_t v7 = 2048;
  int32_t v8 = 4;
  size_t v9 = 0;
  CircularBuffer cb_ctarg_0(get_compile_time_arg_val(0));
  CircularBuffer cb_ctarg_1(get_compile_time_arg_val(1));
  cb_ctarg_0.reserve_back(v8);
  int32_t v10 = get_common_arg_val<uint32_t>(v9);
  auto tensor_accessor_args_0 = TensorAccessorArgs<tensor_accessor::detail::get_tensor_accessor_args_cta_offset<0, 3>(), 0>();
  TensorAccessor v11 = TensorAccessor(tensor_accessor_args_0, v10, v7);
  ptrdiff_t v12 = (ptrdiff_t) cb_ctarg_0.get_write_ptr();
  size_t v13 = (size_t) v12;
  for (size_t i14 = v9; i14 < v2; i14 += v3) {
    size_t v15 = i14 * v5;
    size_t v16 = v13 + v15;
    ptrdiff_t v17 = (ptrdiff_t) i14;
    int32_t v18 = (int32_t) v17;
    ptrdiff_t v19 = (ptrdiff_t) v16;
    int32_t v20 = (int32_t) v19;
    noc0.async_read(v11, CoreLocalMem<uint32_t>(v20), v11.get_aligned_page_size(), {.page_id = static_cast<uint32_t>(v18)}, {});
  }
  noc0.async_read_barrier();
  cb_ctarg_0.push_back(v8);
  cb_ctarg_1.reserve_back(v8);
  int32_t v21 = get_common_arg_val<uint32_t>(v3);
  auto tensor_accessor_args_1 = TensorAccessorArgs<tensor_accessor::detail::get_tensor_accessor_args_cta_offset<1, 3>(), 1>();
  TensorAccessor v22 = TensorAccessor(tensor_accessor_args_1, v21, v7);
  ptrdiff_t v23 = (ptrdiff_t) cb_ctarg_1.get_write_ptr();
  size_t v24 = (size_t) v23;
  for (size_t i25 = v9; i25 < v2; i25 += v3) {
    size_t v26 = i25 * v5;
    size_t v27 = v24 + v26;
    ptrdiff_t v28 = (ptrdiff_t) i25;
    int32_t v29 = (int32_t) v28;
    ptrdiff_t v30 = (ptrdiff_t) v27;
    int32_t v31 = (int32_t) v30;
    noc0.async_read(v22, CoreLocalMem<uint32_t>(v31), v22.get_aligned_page_size(), {.page_id = static_cast<uint32_t>(v29)}, {});
  }
  noc0.async_read_barrier();
  cb_ctarg_1.push_back(v8);
  return;
}


============================================================
=== dm_read kernel source copied to /home/boop/tenstorrent/blackhole-py/ttlang-dumps/ttlang_mlp_silu_mul_artifacts/ncrisc.cpp ===
=== dm_write kernel written to /tmp/boop/ttlang_kernel_dm_write_e09b5f3c.cpp ===
#include <cstdint>
#include "api/compile_time_args.h"
#include "api/core_local_mem.h"
#include "api/dataflow/circular_buffer.h"
#include "api/dataflow/dataflow_api.h"
#include "api/dataflow/endpoints.h"
#include "api/dataflow/noc.h"
#include "api/tensor/noc_traits.h"
#include "tools/profiler/kernel_profiler.hpp"
void kernel_main() {
  Noc noc1(1);
  size_t v1 = 4;
  size_t v2 = 1;
  int8_t v3 = 1;
  size_t v4 = 2048;
  int32_t v5 = 0;
  int32_t v6 = 2048;
  int32_t v7 = 4;
  size_t v8 = 0;
  CircularBuffer cb_ctarg_2(get_compile_time_arg_val(2));
  cb_ctarg_2.wait_front(v7);
  int32_t v9 = get_common_arg_val<uint32_t>(v8);
  auto tensor_accessor_args_0 = TensorAccessorArgs<tensor_accessor::detail::get_tensor_accessor_args_cta_offset<2, 3>(), 0>();
  TensorAccessor v10 = TensorAccessor(tensor_accessor_args_0, v9, v6);
  ptrdiff_t v11 = (ptrdiff_t) cb_ctarg_2.get_read_ptr();
  size_t v12 = (size_t) v11;
  for (size_t i13 = v8; i13 < v1; i13 += v2) {
    size_t v14 = i13 * v4;
    size_t v15 = v12 + v14;
    ptrdiff_t v16 = (ptrdiff_t) i13;
    int32_t v17 = (int32_t) v16;
    ptrdiff_t v18 = (ptrdiff_t) v15;
    int32_t v19 = (int32_t) v18;
    noc1.async_write(CoreLocalMem<uint32_t>(v19), v10, v10.get_aligned_page_size(), {} , {.page_id = static_cast<uint32_t>(v17)});
  }
  noc1.async_write_barrier();
  cb_ctarg_2.pop_front(v7);
  return;
}


============================================================
=== dm_write kernel source copied to /home/boop/tenstorrent/blackhole-py/ttlang-dumps/ttlang_mlp_silu_mul_artifacts/brisc.cpp ===

Compiled kernel ready (compiled 3 threads)
============================================================
compiled mlp_silu_mul_kernel
