2026-07-09 02:37:25.791 | DEBUG    | ttnn:<module>:79 - Initial ttnn.CONFIG:
Config{cache_path=/home/boop/.cache/ttnn,model_cache_path=/home/boop/.cache/ttnn/models,tmp_dir=/tmp/ttnn,enable_model_cache=false,enable_fast_runtime_mode=true,throw_exception_on_fallback=false,enable_logging=false,enable_graph_report=false,enable_graph_python_stack_traces=false,enable_detailed_buffer_report=false,enable_detailed_tensor_report=false,enable_comparison_mode=false,comparison_mode_should_raise_exception=false,comparison_mode_pcc=0.9999,root_report_path=generated/ttnn/reports,report_name=std::nullopt,std::nullopt}
2026-07-09 02:37:25.855 | info     |          Device | Opening user mode device driver (tt_cluster.cpp:228)
2026-07-09 02:37:25.855 | info     |             UMD | Cluster constructor started. (cluster.cpp:348)
2026-07-09 02:37:25.855 | info     |             UMD | Creating TopologyDiscovery for architecture: blackhole (topology_discovery.cpp:92)
2026-07-09 02:37:25.855 | info     |             UMD | Starting topology discovery. (topology_discovery.cpp:111)
2026-07-09 02:37:25.858 | info     |             UMD | Established firmware bundle version: 19.5.99 (topology_discovery.cpp:574)
2026-07-09 02:37:25.858 | info     |             UMD | Completed topology discovery. (topology_discovery.cpp:115)
2026-07-09 02:37:26.076 | warning  |             UMD | Sysmem (0x40000000 bytes) using regular pages; pre-allocate hugepages for better DMA performance (e.g. 1 × 1GB or 512 × 2MB; on AArch64 also 2 × 512MB). (silicon_sysmem_manager.cpp:106)
2026-07-09 02:37:26.077 | info     |             UMD | Opening local chip ids/PCIe ids: {0}/[0] and remote chip ids {} (cluster.cpp:168)
2026-07-09 02:37:26.077 | info     |             UMD | IOMMU: enabled (cluster.cpp:142)
2026-07-09 02:37:26.077 | info     |             UMD | KMD version: 2.9.0 (cluster.cpp:145)
2026-07-09 02:37:26.077 | info     |             UMD | Cluster constructor completed. (cluster.cpp:520)
2026-07-09 02:37:26.077 | info     |             UMD | Starting devices in cluster (cluster.cpp:1024)
2026-07-09 02:37:26.176 | info     |             UMD | Starting devices in cluster completed. (cluster.cpp:1032)
2026-07-09 02:37:26.179 | info     |     Distributed | Using auto discovery to generate mesh graph. (metal_env.cpp:371)
2026-07-09 02:37:26.179 | info     |     Distributed | Constructing control plane using auto-discovery (no mesh graph descriptor). (metal_env.cpp:433)
2026-07-09 02:37:26.179 | warning  |          Always | Unknown motherboard 'B650E MAX GAMING WIFI' for chip_id=0 (bus_id=0x1) — falling back to bus_id as tray_id. Add this motherboard and its bus IDs to mobo_to_bus_ids in physical_system_discovery.cpp. (physical_system_discovery.cpp:89)
2026-07-09 02:37:26.179 | info     |          Fabric | Logical multi-mesh adjacency: intermesh degree histogram {0:1}; intra-mesh degree histograms mesh0 {0:1} (topology_mapper_utils.cpp:2342)
2026-07-09 02:37:26.179 | info     |          Fabric | Physical multi-mesh adjacency: intermesh degree histogram {0:1}; intra-mesh degree histograms mesh0 {0:1} (topology_mapper_utils.cpp:2350)
2026-07-09 02:37:26.184 | info     |    BuildKernels | Using pre-compiled firmware from: /home/boop/tenstorrent/tt-lang/build/toolchain-install/tt-metal/tt_metal/pre-compiled/13719132649076472700/ (build_env_manager.cpp:347)
2026-07-09 02:37:26.806 | info     |           Metal | [Real-time profiler] Device 0 sync complete: 100 samples, frequency=1.349988 GHz, device_time_at_sync=2162846168348 cycles (realtime_profiler_manager.cpp:1127)
[TTNN interop] Detected DRAM memory space
SAVED INITIAL TO /home/boop/tenstorrent/blackhole-py/ttlang-dumps/ttlang_rope_apply_artifacts/k_heads8_s32/initial.mlir
SAVED FINAL TO /home/boop/tenstorrent/blackhole-py/ttlang-dumps/ttlang_rope_apply_artifacts/k_heads8_s32/final.mlir
============================================================
TTNN INTEROP: Compiling kernel
============================================================
Found 3 kernels:
  - compute (compute)
  - dm_read (noc)
  - dm_write (noc)

Core range: {[0-0 - 0-0]}
=== compute kernel written to /tmp/boop/ttlang_kernel_compute_68ed1972.cpp ===
#include <cstdint>
#include "api/compile_time_args.h"
#include "api/compute/common.h"
#include "api/compute/eltwise_binary.h"
#include "api/compute/eltwise_binary_sfpu.h"
#include "api/compute/pack.h"
#include "api/compute/reg_api.h"
#include "api/dataflow/circular_buffer.h"
#include "tools/profiler/kernel_profiler.hpp"
inline uint32_t float_to_bits(const float f) { uint32_t r; __builtin_memcpy(&r, &f, sizeof(r)); return r; }
#ifndef INFINITY
#define INFINITY __builtin_inff()
#endif
void kernel_main() {
  int32_t v1 = 1;
  size_t v2 = 1;
  size_t v3 = 0;
  size_t v4 = 8;
  CircularBuffer cb_ctarg_3(get_compile_time_arg_val(3));
  CircularBuffer cb_ctarg_2(get_compile_time_arg_val(2));
  CircularBuffer cb_ctarg_7(get_compile_time_arg_val(7));
  CircularBuffer cb_ctarg_6(get_compile_time_arg_val(6));
  CircularBuffer cb_ctarg_5(get_compile_time_arg_val(5));
  CircularBuffer cb_ctarg_4(get_compile_time_arg_val(4));
  CircularBuffer cb_ctarg_1(get_compile_time_arg_val(1));
  CircularBuffer cb_ctarg_0(get_compile_time_arg_val(0));
  for (size_t i5 = v3; i5 < v4; i5 += v2) {
    cb_ctarg_0.wait_front(v1);
    cb_ctarg_1.wait_front(v1);
    cb_ctarg_2.wait_front(v1);
    cb_ctarg_3.wait_front(v1);
    cb_ctarg_4.wait_front(v1);
    cb_ctarg_5.wait_front(v1);
    cb_ctarg_6.reserve_back(v1);
    cb_ctarg_7.reserve_back(v1);
    binary_op_init_common(get_compile_time_arg_val(0), get_compile_time_arg_val(2), get_compile_time_arg_val(6));
    tile_regs_acquire();
    mul_tiles_init(get_compile_time_arg_val(0), get_compile_time_arg_val(2));
    mul_tiles(get_compile_time_arg_val(0), get_compile_time_arg_val(2), v3, v3, v3);
    mul_tiles_init(get_compile_time_arg_val(1), get_compile_time_arg_val(4));
    mul_tiles(get_compile_time_arg_val(1), get_compile_time_arg_val(4), v3, v3, v2);
    sub_binary_tile_init();
    sub_binary_tile(v3, v2, v3);
    tile_regs_commit();
    tile_regs_wait();
    pack_tile<true>(v3, get_compile_time_arg_val(6), v3);
    tile_regs_release();
    binary_op_init_common(get_compile_time_arg_val(1), get_compile_time_arg_val(3), get_compile_time_arg_val(7));
    tile_regs_acquire();
    mul_tiles_init(get_compile_time_arg_val(1), get_compile_time_arg_val(3));
    mul_tiles(get_compile_time_arg_val(1), get_compile_time_arg_val(3), v3, v3, v3);
    mul_tiles_init(get_compile_time_arg_val(0), get_compile_time_arg_val(5));
    mul_tiles(get_compile_time_arg_val(0), get_compile_time_arg_val(5), v3, v3, v2);
    add_binary_tile_init();
    add_binary_tile(v3, v2, v3);
    tile_regs_commit();
    tile_regs_wait();
    pack_tile<true>(v3, get_compile_time_arg_val(7), v3);
    tile_regs_release();
    cb_ctarg_7.push_back(v1);
    cb_ctarg_6.push_back(v1);
    cb_ctarg_5.pop_front(v1);
    cb_ctarg_4.pop_front(v1);
    cb_ctarg_3.pop_front(v1);
    cb_ctarg_2.pop_front(v1);
    cb_ctarg_1.pop_front(v1);
    cb_ctarg_0.pop_front(v1);
  }
  return;
}


============================================================
=== compute kernel source copied to /home/boop/tenstorrent/blackhole-py/ttlang-dumps/ttlang_rope_apply_artifacts/k_heads8_s32/trisc.cpp ===
=== dm_read kernel written to /tmp/boop/ttlang_kernel_dm_read_5c2581b0.cpp ===
#include <cstdint>
#include "api/compile_time_args.h"
#include "api/core_local_mem.h"
#include "api/dataflow/circular_buffer.h"
#include "api/dataflow/dataflow_api.h"
#include "api/dataflow/endpoints.h"
#include "api/dataflow/noc.h"
#include "api/tensor/noc_traits.h"
#include "tools/profiler/kernel_profiler.hpp"
void kernel_main() {
  Noc noc0(0);
  int8_t v1 = 0;
  int32_t v2 = 2;
  int32_t v3 = 0;
  int32_t v4 = 2048;
  size_t v5 = 2;
  int32_t v6 = 1;
  size_t v7 = 0;
  size_t v8 = 8;
  size_t v9 = 1;
  CircularBuffer cb_ctarg_3(get_compile_time_arg_val(3));
  CircularBuffer cb_ctarg_2(get_compile_time_arg_val(2));
  CircularBuffer cb_ctarg_5(get_compile_time_arg_val(5));
  CircularBuffer cb_ctarg_4(get_compile_time_arg_val(4));
  CircularBuffer cb_ctarg_1(get_compile_time_arg_val(1));
  CircularBuffer cb_ctarg_0(get_compile_time_arg_val(0));
  for (size_t i10 = v7; i10 < v8; i10 += v9) {
    cb_ctarg_0.reserve_back(v6);
    int32_t v11 = get_common_arg_val<uint32_t>(v5);
    auto tensor_accessor_args_0 = TensorAccessorArgs<tensor_accessor::detail::get_tensor_accessor_args_cta_offset<0, 8>(), 2>();
    TensorAccessor v12 = TensorAccessor(tensor_accessor_args_0, v11, v4);
    size_t v13 = i10 * v5;
    ptrdiff_t v14 = (ptrdiff_t) v13;
    int32_t v15 = (int32_t) v14;
    noc0.async_read(v12, CoreLocalMem<uint32_t>(cb_ctarg_0.get_write_ptr()), v12.get_aligned_page_size(), {.page_id = static_cast<uint32_t>(v15)}, {});
    noc0.async_read_barrier();
    cb_ctarg_0.push_back(v6);
    cb_ctarg_1.reserve_back(v6);
    auto tensor_accessor_args_1 = TensorAccessorArgs<tensor_accessor::detail::get_tensor_accessor_args_cta_offset<0, 8>(), 2>();
    TensorAccessor v16 = TensorAccessor(tensor_accessor_args_1, v11, v4);
    size_t v17 = v13 + v9;
    ptrdiff_t v18 = (ptrdiff_t) v17;
    int32_t v19 = (int32_t) v18;
    noc0.async_read(v16, CoreLocalMem<uint32_t>(cb_ctarg_1.get_write_ptr()), v16.get_aligned_page_size(), {.page_id = static_cast<uint32_t>(v19)}, {});
    noc0.async_read_barrier();
    cb_ctarg_1.push_back(v6);
    cb_ctarg_2.reserve_back(v6);
    int32_t v20 = get_common_arg_val<uint32_t>(v7);
    auto tensor_accessor_args_2 = TensorAccessorArgs<tensor_accessor::detail::get_tensor_accessor_args_cta_offset<1, 8>(), 0>();
    TensorAccessor v21 = TensorAccessor(tensor_accessor_args_2, v20, v4);
    noc0.async_read(v21, CoreLocalMem<uint32_t>(cb_ctarg_2.get_write_ptr()), v21.get_aligned_page_size(), {.page_id = static_cast<uint32_t>(v3)}, {});
    noc0.async_read_barrier();
    cb_ctarg_2.push_back(v6);
    cb_ctarg_3.reserve_back(v6);
    auto tensor_accessor_args_3 = TensorAccessorArgs<tensor_accessor::detail::get_tensor_accessor_args_cta_offset<1, 8>(), 0>();
    TensorAccessor v22 = TensorAccessor(tensor_accessor_args_3, v20, v4);
    noc0.async_read(v22, CoreLocalMem<uint32_t>(cb_ctarg_3.get_write_ptr()), v22.get_aligned_page_size(), {.page_id = static_cast<uint32_t>(v6)}, {});
    noc0.async_read_barrier();
    cb_ctarg_3.push_back(v6);
    cb_ctarg_4.reserve_back(v6);
    int32_t v23 = get_common_arg_val<uint32_t>(v9);
    auto tensor_accessor_args_4 = TensorAccessorArgs<tensor_accessor::detail::get_tensor_accessor_args_cta_offset<2, 8>(), 1>();
    TensorAccessor v24 = TensorAccessor(tensor_accessor_args_4, v23, v4);
    noc0.async_read(v24, CoreLocalMem<uint32_t>(cb_ctarg_4.get_write_ptr()), v24.get_aligned_page_size(), {.page_id = static_cast<uint32_t>(v3)}, {});
    noc0.async_read_barrier();
    cb_ctarg_4.push_back(v6);
    cb_ctarg_5.reserve_back(v6);
    auto tensor_accessor_args_5 = TensorAccessorArgs<tensor_accessor::detail::get_tensor_accessor_args_cta_offset<2, 8>(), 1>();
    TensorAccessor v25 = TensorAccessor(tensor_accessor_args_5, v23, v4);
    noc0.async_read(v25, CoreLocalMem<uint32_t>(cb_ctarg_5.get_write_ptr()), v25.get_aligned_page_size(), {.page_id = static_cast<uint32_t>(v6)}, {});
    noc0.async_read_barrier();
    cb_ctarg_5.push_back(v6);
  }
  return;
}


============================================================
=== dm_read kernel source copied to /home/boop/tenstorrent/blackhole-py/ttlang-dumps/ttlang_rope_apply_artifacts/k_heads8_s32/ncrisc.cpp ===
=== dm_write kernel written to /tmp/boop/ttlang_kernel_dm_write_19259e61.cpp ===
#include <cstdint>
#include "api/compile_time_args.h"
#include "api/core_local_mem.h"
#include "api/dataflow/circular_buffer.h"
#include "api/dataflow/dataflow_api.h"
#include "api/dataflow/endpoints.h"
#include "api/dataflow/noc.h"
#include "api/tensor/noc_traits.h"
#include "tools/profiler/kernel_profiler.hpp"
void kernel_main() {
  Noc noc1(1);
  size_t v1 = 2;
  int8_t v2 = 1;
  int32_t v3 = 0;
  int32_t v4 = 2048;
  int32_t v5 = 1;
  size_t v6 = 1;
  size_t v7 = 0;
  size_t v8 = 8;
  CircularBuffer cb_ctarg_7(get_compile_time_arg_val(7));
  CircularBuffer cb_ctarg_6(get_compile_time_arg_val(6));
  for (size_t i9 = v7; i9 < v8; i9 += v6) {
    cb_ctarg_6.wait_front(v5);
    int32_t v10 = get_common_arg_val<uint32_t>(v7);
    auto tensor_accessor_args_0 = TensorAccessorArgs<tensor_accessor::detail::get_tensor_accessor_args_cta_offset<3, 8>(), 0>();
    TensorAccessor v11 = TensorAccessor(tensor_accessor_args_0, v10, v4);
    size_t v12 = i9 * v1;
    ptrdiff_t v13 = (ptrdiff_t) v12;
    int32_t v14 = (int32_t) v13;
    noc1.async_write(CoreLocalMem<uint32_t>(cb_ctarg_6.get_read_ptr()), v11, v11.get_aligned_page_size(), {} , {.page_id = static_cast<uint32_t>(v14)});
    noc1.async_write_barrier();
    cb_ctarg_6.pop_front(v5);
    cb_ctarg_7.wait_front(v5);
    auto tensor_accessor_args_1 = TensorAccessorArgs<tensor_accessor::detail::get_tensor_accessor_args_cta_offset<3, 8>(), 0>();
    TensorAccessor v15 = TensorAccessor(tensor_accessor_args_1, v10, v4);
    size_t v16 = v12 + v6;
    ptrdiff_t v17 = (ptrdiff_t) v16;
    int32_t v18 = (int32_t) v17;
    noc1.async_write(CoreLocalMem<uint32_t>(cb_ctarg_7.get_read_ptr()), v15, v15.get_aligned_page_size(), {} , {.page_id = static_cast<uint32_t>(v18)});
    noc1.async_write_barrier();
    cb_ctarg_7.pop_front(v5);
  }
  return;
}


============================================================
=== dm_write kernel source copied to /home/boop/tenstorrent/blackhole-py/ttlang-dumps/ttlang_rope_apply_artifacts/k_heads8_s32/brisc.cpp ===

Compiled kernel ready (compiled 3 threads)
============================================================
{
  "compile_only": true,
  "kernel": "rope_apply_kernel",
  "seq_len_is_compile_time_exemplar": true,
  "variants": [
    {
      "dtype": "bfloat16",
      "head_dim": 64,
      "heads": 8,
      "input_shape": [
        256,
        64
      ],
      "math": {
        "high": "x[..., 32:] * cos[..., 32:] + x[..., :32] * sin[..., 32:]",
        "low": "x[..., :32] * cos[..., :32] - x[..., 32:] * sin[..., :32]",
        "rotation": "first_half_second_half"
      },
      "name": "k_heads8",
      "output_shape": [
        256,
        64
      ],
      "seq_len": 32,
      "table_shape": [
        32,
        64
      ]
    }
  ]
}
2026-07-09 02:37:27.257 | info     |    BuildKernels | JIT cache stats: 8/8 hits (100.0%) [8 cached, 0 build-once dedup, 0 merged artifacts, 0 merged genfiles] (build_cache_telemetry.cpp:207)
2026-07-09 02:37:27.257 | info     |    BuildKernels | JIT telemetry: 3 registered TelemetryTokens (build_cache_telemetry.cpp:230)
2026-07-09 02:37:27.259 | info     |          Device | Closing user mode device drivers (tt_cluster.cpp:512)
2026-07-09 02:37:27.259 | info     |             UMD | Closing devices in cluster (cluster.cpp:1037)
2026-07-09 02:37:27.337 | info     |             UMD | Closing devices in cluster completed. (cluster.cpp:1046)
2026-07-09 02:37:27.337 | info     |             UMD | Cluster destructor started. (cluster.cpp:754)
2026-07-09 02:37:27.337 | info     |             UMD | Cluster destructor completed. (cluster.cpp:757)
